// Jest Snapshot v1, https://goo.gl/fbAQLP

exports[`<Touchable /> 单指 1`] = `
<div
  className={undefined}
  onMouseDown={[Function]}
  onTouchCancel={[Function]}
  onTouchEnd={[Function]}
  onTouchMove={[Function]}
  onTouchStart={[Function]}
  style={undefined}
/>
`;

exports[`<Touchable /> 双指 1`] = `
<div
  className={undefined}
  onMouseDown={[Function]}
  onTouchCancel={[Function]}
  onTouchEnd={[Function]}
  onTouchMove={[Function]}
  onTouchStart={[Function]}
  style={undefined}
/>
`;
