// Jest Snapshot v1, https://goo.gl/fbAQLP

exports[`<Switch /> props msg 1`] = `
<div
  className="undefined "
  data-testid=""
  onMouseDown={[Function]}
  onTouchCancel={[Function]}
  onTouchEnd={[Function]}
  onTouchMove={[Function]}
  onTouchStart={[Function]}
  style={
    Object {
      "backgroundColor": "#fff",
    }
  }
>
  <div
    data-testid=""
    style={
      Object {
        "backgroundColor": "#fff",
        "left": 0,
      }
    }
  />
</div>
`;
